Last login: Sat Nov 28 09:32:18 on ttys000
bp:~ birgitpfeiffer$ source myvenv/bin/activate
-bash: myvenv/bin/activate: No such file or directory
bp:~ birgitpfeiffer$ cd djangogirls
bp:djangogirls birgitpfeiffer$ source myvenv/bin/activate
(myvenv) bp:djangogirls birgitpfeiffer$ python manage.py createsuperuser
Username (leave blank to use 'birgitpfeiffer'): pymieze
Email address: bp@msingi.de
Password: 
Password (again): 
Superuser created successfully.
(myvenv) bp:djangogirls birgitpfeiffer$ git init
Illegal instruction
(myvenv) bp:djangogirls birgitpfeiffer$ cd
(myvenv) bp:~ birgitpfeiffer$ git init
Illegal instruction
(myvenv) bp:~ birgitpfeiffer$ cd djangogirls
(myvenv) bp:djangogirls birgitpfeiffer$ git status
On branch master
Your branch is up-to-date with 'origin/master'.

Changes not staged for commit:
  (use "git add <file>..." to update what will be committed)
  (use "git checkout -- <file>..." to discard changes in working directory)

	modified:   blog/views.py
	modified:   mysite/urls.py

Untracked files:
  (use "git add <file>..." to include in what will be committed)

	blog/templates/
	blog/urls.py

no changes added to commit (use "git add" and/or "git commit -a")
(myvenv) bp:djangogirls birgitpfeiffer$ git add -A .
(myvenv) bp:djangogirls birgitpfeiffer$ git commit -m "Changed the HTML for the site."
[master fa1bc6c] Changed the HTML for the site.
 4 files changed, 20 insertions(+)
 create mode 100644 blog/templates/blog/post_list.html
 create mode 100644 blog/urls.py
(myvenv) bp:djangogirls birgitpfeiffer$ git push
Username for 'https://github.com': bifrap
Password for 'https://bifrap@github.com': 
remote: Invalid username or password.
fatal: Authentication failed for 'https://github.com/bifrap/my-fourth-blog.git/'
(myvenv) bp:djangogirls birgitpfeiffer$ git push
Username for 'https://github.com': bifrap  
Password for 'https://bifrap@github.com': 
Counting objects: 10, done.
Delta compression using up to 2 threads.
Compressing objects: 100% (8/8), done.
Writing objects: 100% (10/10), 1.04 KiB | 0 bytes/s, done.
Total 10 (delta 3), reused 0 (delta 0)
To https://github.com/bifrap/my-fourth-blog.git
   97aa7a1..fa1bc6c  master -> master
(myvenv) bp:djangogirls birgitpfeiffer$ python manage.py shell
Python 3.4.3 (v3.4.3:9b73f1c3e601, Feb 23 2015, 02:52:03) 
[GCC 4.2.1 (Apple Inc. build 5666) (dot 3)] on darwin
Type "help", "copyright", "credits" or "license" for more information.
(InteractiveConsole)
>>> Post.objects.all()
Traceback (most recent call last):
  File "<console>", line 1, in <module>
NameError: name 'Post' is not defined
>>> from blog.models import Post
>>> Post.objects.all()
[<Post: Wunderbare kleine Becher>, <Post: Helle Schuhe ach nicht meine>, <Post: Helle Sonne grüne Wiese>, <Post: Dunkle Kekse >]
>>> Post.objects.create(author=pymieze, title='Versuch', text='Test')
Traceback (most recent call last):
  File "<console>", line 1, in <module>
NameError: name 'pymieze' is not defined
>>> Post.objects.create(author=me, title='Versuch', text='Test')
Traceback (most recent call last):
  File "<console>", line 1, in <module>
NameError: name 'me' is not defined
>>> from django.contrib.auth.models import User
>>> User.objecs.all()
Traceback (most recent call last):
  File "<console>", line 1, in <module>
AttributeError: type object 'User' has no attribute 'objecs'
>>> User.objects.all()
[<User: pymieze>]
>>> me = User.objects.get(username='pymieze')
>>> Post.objects.create(author=me, title='Sample title', text='Test')
<Post: Sample title>
>>> Post.objects.all()
[<Post: Wunderbare kleine Becher>, <Post: Helle Schuhe ach nicht meine>, <Post: Helle Sonne grüne Wiese>, <Post: Dunkle Kekse >, <Post: Sample title>]
>>> Post.objects.filter(author=me)
[<Post: Wunderbare kleine Becher>, <Post: Helle Schuhe ach nicht meine>, <Post: Helle Sonne grüne Wiese>, <Post: Dunkle Kekse >, <Post: Sample title>]
>>> Post.objects.filter(title__contains='title')
[<Post: Sample title>]
>>> from django.utils import timezone
>>> Post.objects.filter(published_date__lte=timezone.now())
[<Post: Wunderbare kleine Becher>, <Post: Helle Schuhe ach nicht meine>]
>>> post = Post.objects.get(title="Samplet title")
Traceback (most recent call last):
  File "<console>", line 1, in <module>
  File "/Users/birgitpfeiffer/djangogirls/myvenv/lib/python3.4/site-packages/django/db/models/manager.py", line 127, in manager_method
    return getattr(self.get_queryset(), name)(*args, **kwargs)
  File "/Users/birgitpfeiffer/djangogirls/myvenv/lib/python3.4/site-packages/django/db/models/query.py", line 334, in get
    self.model._meta.object_name
blog.models.DoesNotExist: Post matching query does not exist.
>>> post = Post.objects.get(title="Sample title")
>>> post.publish()
>>> Post.objects.filter(published_date__lte=timezone.now())
[<Post: Wunderbare kleine Becher>, <Post: Helle Schuhe ach nicht meine>, <Post: Sample title>]
>>> Post.objects.order_by('-created_date')
[<Post: Sample title>, <Post: Dunkle Kekse >, <Post: Helle Sonne grüne Wiese>, <Post: Helle Schuhe ach nicht meine>, <Post: Wunderbare kleine Becher>]
>>> Post.objects.order_by('created_date')
[<Post: Wunderbare kleine Becher>, <Post: Helle Schuhe ach nicht meine>, <Post: Helle Sonne grüne Wiese>, <Post: Dunkle Kekse >, <Post: Sample title>]
>>> Post.objects.filter(published_date__lte=timezone.now()).order_by('published_date')
[<Post: Wunderbare kleine Becher>, <Post: Helle Schuhe ach nicht meine>, <Post: Sample title>]
>>> exit()
(myvenv) bp:djangogirls birgitpfeiffer$ 
